// Jest Snapshot v1, https://goo.gl/fbAQLP

exports[`YooWarning Component Matches Snapshot 1`] = `
<div class="yoo-warning p__t--l p__b--l m__b--xl yoo-warning__variation--danger">
  <div class="yoo-warning__item m__l--l"><i class="yoo-warning__icon fas fa-cog"></i></div>
  <div class="yoo-warning__body">
    <p class="yoo-warning__title m__t--none m__b--xs m__l--l m__r--l" style="display: none;"></p>
    <p class="yoo-warning__text m__t--none m__b--none m__l--l m__r--l"></p>
  </div>
</div>
`;
