// Jest Snapshot v1, https://goo.gl/fbAQLP

exports[`YooNotify Component Matches Snapshot 1`] = `
<yoogridlayout-stub rows="*" cols="takeCols" gap="0" width="100%" height="auto" horizontalalign="space-between" verticalalign="center" class="p__t--xs p__b--xs p__r--s p__l--s yoo-notify yoo-notify--light">
  <yooflexlayout-stub flexdirection="row" flexwrap="nowrap" justifycontent="space-between" alignitems="center" aligncontent="stretch" gap="0">
    <yooindicator-stub fill="danger" size="normal" animation="true" text=""></yooindicator-stub>
    <p class="m__r--l m__l--l yoo-notify__text yoo-notify__text--dark yoo-notify__text--xs">Yoo-Notify</p>
    <yoobutton-stub variation="clear" buttonsize="normal" fill="primary" icon="times" iconposition="left" iconsize="normal" iconstyle="solid" animation="none" text="" iconcustomcolor=""></yoobutton-stub>
  </yooflexlayout-stub>
</yoogridlayout-stub>
`;
