// Jest Snapshot v1, https://goo.gl/fbAQLP

exports[`YooStepper Component Matches Snapshot 1`] = `
<yooflexlayout-stub flexdirection="row" flexwrap="nowrap" justifycontent="space-around" alignitems="center" aligncontent="stretch" gap="0" class="yoo-stepper">
  <!---->
  <div class="yoo-stepper__dot m__r--m m__l--m yoo-stepper__dot--active"></div>
</yooflexlayout-stub>
`;
