// Jest Snapshot v1, https://goo.gl/fbAQLP

exports[`YooQuizQuestion Component Matches Snapshot 1`] = `
<div class="yoo-grid-layout yoo-quiz yoo-grid-layout--h-stretch yoo-grid-layout--v-stretch" style="grid-template-rows: auto; grid-template-columns: auto auto;">
  <p row="1" col="1" class="yoo-quiz__question" style="grid-row: 1; grid-column: 1;">Marque os sintomas sentidos nas últimas horas
    <!---->
  </p>
  <div class="yoo-checkbox yoo-quiz__card yoo-checkbox__card" row="2" col="1" style="grid-row: 2; grid-column: 1;"><input type="checkbox" id="ycid-3456789"><label class="yoo-checkbox__check fas fa-check yoo-checkbox--medium p__t--l p__r--l p__b--l p__l--l yoo-checkbox__text--left" for="ycid-3456789">
      <p class="yoo-checkbox__text yoo-checkbox--medium">Cansaço</p>
    </label></div>
  <div class="yoo-checkbox yoo-quiz__card yoo-checkbox__card yoo-checkbox__card--active" row="3" col="1" style="grid-row: 3; grid-column: 1;"><input type="checkbox" id="ycid-3456789"><label class="yoo-checkbox__check fas fa-check yoo-checkbox--medium p__t--l p__r--l p__b--l p__l--l yoo-checkbox__check--card-active yoo-checkbox__text--left" for="ycid-3456789">
      <p class="yoo-checkbox__text yoo-checkbox--medium">Corrimento Nasal (Coriza)</p>
    </label></div>
</div>
`;
