// Jest Snapshot v1, https://goo.gl/fbAQLP

exports[`YooCard Component Matches Snapshot 1`] = `
<yoogridlayout-stub rows="auto" cols="*, auto" gap="0" width="100%" horizontalalign="stretch" verticalalign="stretch" class="yoo-card">
  <yooflexlayout-stub flexdirection="column" flexwrap="wrap" justifycontent="center" alignitems="stretch" aligncontent="stretch" gap="0" col="1" row="1" class="m__t--l m__b--l p__t--x p__b--x p__l--xl yoo-card__item yoo-card__item--border-left yoo-card__item--border-fill-neutral">
    <h3 class="yoo-card__title">Default Title</h3>
    <p width="100%" class="yoo-card__subtitle">Default Subtitle</p>
  </yooflexlayout-stub>
  <!---->
</yoogridlayout-stub>
`;
