// Jest Snapshot v1, https://goo.gl/fbAQLP

exports[`YooInfiniteScroll Component Matches Snapshot 1`] = `
<div class="yoo-infinite">Default Slot Text<div class="yoo-infinite__actionable">
    <div class="yoo-infinite__loader yoo-infinite__loader--primary yoo-infinite__loader--normal"></div>
  </div>
</div>
`;
