// Jest Snapshot v1, https://goo.gl/fbAQLP

exports[`YooSegmentedBar Component Matches Snapshot 1`] = `
<div class="yoo-flex-layout yoo-segmented-bar" style="flex-direction: row; flex-wrap: nowrap; justify-content: center; align-items: center; align-content: center;">
  <div class="yoo-flex-layout yoo-segmented-bar__item yoo-segmented-bar__item--border" style="flex-direction: row; flex-wrap: nowrap; justify-content: center; align-items: stretch; align-content: stretch;">
    <div class="yoo__container--button" size="normal" style="width: 100%; height: 40px;"><button class="yoo-btn yoo-btn__fill--primary yoo-btn--clear yoo-btn--normal yoo-btn--animation-none">
        <!---->
        <p class="yoo-btn__text yoo-btn__text--md">First</p>
        <!---->
      </button></div>
  </div>
  <div class="yoo-flex-layout yoo-segmented-bar__item " style="flex-direction: row; flex-wrap: nowrap; justify-content: center; align-items: stretch; align-content: stretch;">
    <div class="yoo__container--button" size="normal" style="width: 100%; height: 40px;"><button class="yoo-btn yoo-btn__fill--dark yoo-btn--clear yoo-btn--normal yoo-btn--animation-none">
        <!---->
        <p class="yoo-btn__text yoo-btn__text--md">Second</p>
        <!---->
      </button></div>
  </div>
</div>
`;
