// Jest Snapshot v1, https://goo.gl/fbAQLP

exports[`YooSwitch Component Matches Snapshot 1`] = `<div class="yoo-switch-container m__t--s m__b--s m__r--s m__l--s"><input type="checkbox" class="yoo-switch yoo-switch--medium" id="ycid-3456789"><label class="yoo-switch__label" for="ycid-3456789"></label></div>`;
