// Jest Snapshot v1, https://goo.gl/fbAQLP

exports[`YooSwitch Component Matches Snapshot 1`] = `<div class="yoo-switch-container m__t--xl m__b--xl m__r--xs m__l--xs"><input type="checkbox" class="yoo-switch yoo-switch--medium" id="ycid-3456789"><label class="yoo-switch__label" for="ycid-3456789"></label></div>`;
