// Jest Snapshot v1, https://goo.gl/fbAQLP

exports[`YooSeparator Component Matches Snapshot 1`] = `
<div>
  <div class="yoo-separator yoo-separator__fill--default yoo-separator__font--md">
    <p class="m__l--m m__t--none m__b--none m__r--none yoo-separator__label yoo-separator__fill--default yoo-separator__font--md" style="display: none;"></p>
  </div>
</div>
`;
