// Jest Snapshot v1, https://goo.gl/fbAQLP

exports[`YooButtonToggle Component Matches Snapshot 1`] = `
<div class="yoo-flex-layout yoo-button-toggle" style="flex-direction: column; flex-wrap: nowrap; justify-content: center; align-items: stretch; align-content: stretch;">
  <div class="yoo-flex-layout yoo-button-toggle__container" style="flex-direction: row; flex-wrap: nowrap; justify-content: center; align-items: center; align-content: center;">
    <div class="yoo__container--button" size="normal" style="width: 100%;"><button class="yoo-btn yoo-btn__fill--primary yoo-btn--base yoo-btn--normal yoo-btn--animation-none">
        <!---->
        <p class="yoo-btn__text">Yoo Button Toggle</p>
        <!---->
      </button></div>
    <div class="yoo__container--button" size="normal" style="width: 100%;"><button class="yoo-btn yoo-btn__fill--default yoo-btn--clear yoo-btn--normal yoo-btn--animation-none">
        <!---->
        <p class="yoo-btn__text">Yoo Button Toggle 1</p>
        <!---->
      </button></div>
  </div>
</div>
`;
