// Jest Snapshot v1, https://goo.gl/fbAQLP

exports[`YooRateButton Component Matches Snapshot 1`] = `
<div class="yoo-flex-layout yoo-rate" style="flex-direction: row; flex-wrap: nowrap; justify-content: space-around; align-items: center; align-content: stretch;">
  <div class="yoo__container--button"><button class="yoo-btn yoo-btn__fill--light yoo-btn--base yoo-btn--normal yoo-btn--animation-none">
      <!---->
      <p class="yoo-btn__text">1</p>
      <!---->
    </button></div>
  <div class="yoo__container--button"><button class="yoo-btn yoo-btn__fill--light yoo-btn--base yoo-btn--normal yoo-btn--animation-none">
      <!---->
      <p class="yoo-btn__text">2</p>
      <!---->
    </button></div>
  <div class="yoo__container--button"><button class="yoo-btn yoo-btn__fill--light yoo-btn--base yoo-btn--normal yoo-btn--animation-none">
      <!---->
      <p class="yoo-btn__text">3</p>
      <!---->
    </button></div>
</div>
`;
