// Jest Snapshot v1, https://goo.gl/fbAQLP

exports[`YooListItem Component Matches Snapshot 1`] = `
<yooflexlayout-stub flexdirection="row" flexwrap="nowrap" justifycontent="space-between" alignitems="center" aligncontent="stretch" gap="0" width="100%" class="yoo-list-item">
  <div class="yoo-list-item__item m__t--l m__b--l">
    <yooflexlayout-stub flexdirection="row" flexwrap="nowrap" justifycontent="center" alignitems="center" aligncontent="stretch" gap="0" class="yoo-list-item__item yoo-list-item__fill--border-neutral">
      <h3 class="yoo-list-item__title m__r--xs">Default Title</h3>
      <p width="100%" class="yoo-list-item__subtitle">Default Subtitle</p>
    </yooflexlayout-stub>
    <yooflexlayout-stub flexdirection="row" flexwrap="wrap" justifycontent="flex-start" alignitems="stretch" aligncontent="stretch" gap="0">
      <p class="yoo-table-card__no-detail m__t--xs m__b--none"></p>
    </yooflexlayout-stub>
  </div>
  <!---->
</yooflexlayout-stub>
`;
