// Jest Snapshot v1, https://goo.gl/fbAQLP

exports[`YooListItem Component Matches Snapshot 1`] = `
<div class="yoo-grid-layout yoo-list-item yoo-grid-layout--h-space-between yoo-grid-layout--v-center yoo-list-item__fill--border-neutral" style="grid-template-columns: 1fr; grid-template-rows: auto;" alignitems="center">
  <div class="yoo-list-item__item m__b--m">
    <div class="yoo-flex-layout yoo-list-item__item" style="flex-direction: row; flex-wrap: nowrap; justify-content: flex-start; align-items: center; align-content: stretch;">
      <h3 class="yoo-list-item__title m__r--xs">Default Title</h3>
      <p class="yoo-list-item__subtitle m__t--none m__b--none">Default Subtitle</p>
    </div>
    <div class="yoo-flex-layout" style="flex-direction: row; flex-wrap: wrap; justify-content: flex-start; align-items: stretch; align-content: stretch;">
      <div class="yoo-flex-layout yoo-tag m__t--xs" style="flex-direction: row; flex-wrap: wrap; justify-content: flex-start; align-items: stretch; align-content: stretch;">
        <p class="yoo-tag__notag m__t--xs m__b--none"></p>
      </div>
    </div>
  </div>
  <!---->
  <div class="yoo-flex-layout m__r--l m__l--l m__t--s" style="flex-direction: row; flex-wrap: nowrap; justify-content: flex-end; align-items: flex-start; align-content: stretch;"></div>
</div>
`;
