// Jest Snapshot v1, https://goo.gl/fbAQLP

exports[`YooSelectDate Component Matches Snapshot 1`] = `
<div class="yoo-selectdate">
  <yooflexlayout-stub flexdirection="row" flexwrap="nowrap" justifycontent="center" alignitems="stretch" aligncontent="stretch" gap="32px">
    <yooflexlayout-stub flexdirection="column" flexwrap="nowrap" justifycontent="center" alignitems="center" aligncontent="stretch" gap="0" class="yoo-selectdate__container">
      <div class="yoo-selectdate__item">23</div>
      <div class="yoo-selectdate__item yoo-selectdate__item--active day">24</div>
      <div class="yoo-selectdate__item">25</div>
    </yooflexlayout-stub>
    <yooflexlayout-stub flexdirection="column" flexwrap="nowrap" justifycontent="center" alignitems="center" aligncontent="stretch" gap="0" class="yoo-selectdate__container">
      <div class="yoo-selectdate__item">jan</div>
      <div class="yoo-selectdate__item yoo-selectdate__item--active month">fev</div>
      <div class="yoo-selectdate__item">mar</div>
    </yooflexlayout-stub>
    <yooflexlayout-stub flexdirection="column" flexwrap="nowrap" justifycontent="center" alignitems="center" aligncontent="stretch" gap="0" class="yoo-selectdate__container">
      <div class="yoo-selectdate__item">2021</div>
      <div class="yoo-selectdate__item yoo-selectdate__item--active year">2022</div>
      <div class="yoo-selectdate__item">2023</div>
    </yooflexlayout-stub>
  </yooflexlayout-stub>
</div>
`;
