// Jest Snapshot v1, https://goo.gl/fbAQLP

exports[`YooSelectDate Component Matches Snapshot 1`] = `
<div class="yoo-selectdate">
  <yooflexlayout-stub flexdirection="row" flexwrap="nowrap" justifycontent="center" alignitems="stretch" aligncontent="stretch" gap="32px">
    <yooflexlayout-stub flexdirection="column" flexwrap="nowrap" justifycontent="center" alignitems="center" aligncontent="stretch" gap="0" class="yoo-selectdate__container">
      <div class="yoo-selectdate__item">03</div>
      <div class="yoo-selectdate__item yoo-selectdate__item--active day">04</div>
      <div class="yoo-selectdate__item">05</div>
    </yooflexlayout-stub>
    <yooflexlayout-stub flexdirection="column" flexwrap="nowrap" justifycontent="center" alignitems="center" aligncontent="stretch" gap="0" class="yoo-selectdate__container">
      <div class="yoo-selectdate__item">M02</div>
      <div class="yoo-selectdate__item yoo-selectdate__item--active month">M03</div>
      <div class="yoo-selectdate__item">M04</div>
    </yooflexlayout-stub>
    <yooflexlayout-stub flexdirection="column" flexwrap="nowrap" justifycontent="center" alignitems="center" aligncontent="stretch" gap="0" class="yoo-selectdate__container">
      <div class="yoo-selectdate__item">2020</div>
      <div class="yoo-selectdate__item yoo-selectdate__item--active year">2021</div>
      <div class="yoo-selectdate__item">2022</div>
    </yooflexlayout-stub>
  </yooflexlayout-stub>
</div>
`;
